---
source: runtime/runtime-params-estimator/src/replay.rs
expression: output
---
apply_transactions shard_id=2 block=FhsQS1zgTLpZjYitRKevStmzJfUgweUTjQA1rUeNW6QR
  GET   94 State  

apply_transactions shard_id=2 block=2zB2oBqRj8dFECSaBeGP6hGGDs7KowYBVwcVfq8Ukjf9
  GET   144 State  

top-level:
  GET   4 Block  4 BlockHeader  2 BlockHeight  4 BlockInfo  2 BlockMisc  2 ChunkExtra  2 Chunks  4 EpochInfo  2 IncomingReceipts  4 State  


