---
source: runtime/runtime-params-estimator/src/replay.rs
expression: output
---

