---
source: runtime/runtime-params-estimator/src/replay.rs
expression: output
---
apply_transactions shard_id=1 block=FhsQS1zgTLpZjYitRKevStmzJfUgweUTjQA1rUeNW6QR
  GET   4 State  

apply_transactions shard_id=1 block=2zB2oBqRj8dFECSaBeGP6hGGDs7KowYBVwcVfq8Ukjf9
top-level:


