---
source: runtime/runtime-params-estimator/src/replay.rs
expression: output
---
      process_transaction tx_hash=6wbch2CCuvqhbnknr7HhNW9PoyK6FSUmoCGJKpKEahvi block=FhsQS1zgTLpZjYitRKevStmzJfUgweUTjQA1rUeNW6QR
        GET   37 State  

      process_transaction tx_hash=8P2uMiA96mwRDnoqzwQijEHc1eFpZNJYJFKxHz69sYgj block=FhsQS1zgTLpZjYitRKevStmzJfUgweUTjQA1rUeNW6QR
        GET   30 State  

      process_transaction tx_hash=GREvhhJebp73HsJh8dXJYgdMURBPbpMebDti4AVi6UdC block=FhsQS1zgTLpZjYitRKevStmzJfUgweUTjQA1rUeNW6QR
        GET   3 State  

      process_receipt receiver=app.nearcrowd.near receipt_id=HSkLwmSscYqj6DekmxRTUACkBUAUS7sUVBnxPC2wKVj8 block=FhsQS1zgTLpZjYitRKevStmzJfUgweUTjQA1rUeNW6QR
        GET   64 State  

      process_receipt receiver=app.nearcrowd.near receipt_id=HRR3EXitfuoA7yFoa1239GW13ZErmdq6J8vt1MoZgpiu block=FhsQS1zgTLpZjYitRKevStmzJfUgweUTjQA1rUeNW6QR
        GET   28 State  

      process_receipt receiver=app.nearcrowd.near receipt_id=28ozHpuL1WZ3ExMm3UrNQYco31XHHaBiUXbyMD1firye block=FhsQS1zgTLpZjYitRKevStmzJfUgweUTjQA1rUeNW6QR
        GET   17 State  

      process_receipt receiver=6f25217bc63c86d36e0cdc620d05b2f1381eb43eac560d4f1261380b255e2176 receipt_id=Fp2sJPeBSPX5eXNanJ5Jh1shgBKn6omvUCWcUNEAMd4W block=FhsQS1zgTLpZjYitRKevStmzJfUgweUTjQA1rUeNW6QR
        GET   26 State  

      process_receipt receiver=76248d053a8e8b47cfecab60c5f6f1befe74bcbd923c4ef5950bfeb2945fadff receipt_id=6d7ZrM9yztyWvAVtYbA4nQhtfchiyXbbBmJzYyMe3nht block=FhsQS1zgTLpZjYitRKevStmzJfUgweUTjQA1rUeNW6QR
        GET   24 State  

      process_receipt receiver=7a5de36efdbcd23489dcfd7a3c63966b9bcbddfbe4ba8db7d1df109ecd37ef5e receipt_id=wDN56cf2bf3sz16RzF6H3UaC1pGnYJ7XFvUdzLTiTS3 block=FhsQS1zgTLpZjYitRKevStmzJfUgweUTjQA1rUeNW6QR
        GET   28 State  

      process_receipt receiver=27b8a4173e15829829159b39c620e9a5da908a3f68d94a70cd489188d478f37f receipt_id=D3noeb84wCn3hym3TyGarXfJZJvnFEBiQRk1fQ3W1jws block=FhsQS1zgTLpZjYitRKevStmzJfUgweUTjQA1rUeNW6QR
        GET   28 State  

      process_transaction tx_hash=2Aw4SPFoD6ia1Vr6NxqHpxKmK73JM9ZBw2HisUzgaUB5 block=2zB2oBqRj8dFECSaBeGP6hGGDs7KowYBVwcVfq8Ukjf9
        GET   30 State  

      process_transaction tx_hash=EZ9GhJxWQgcTpEQBH2JutymJU8jcUAzGE45a4wym3mK9 block=2zB2oBqRj8dFECSaBeGP6hGGDs7KowYBVwcVfq8Ukjf9
        GET   26 State  

      process_transaction tx_hash=6ysp5YTw2enoSzjn5hZBp6K8NunF7noEHesY65PF4WDv block=2zB2oBqRj8dFECSaBeGP6hGGDs7KowYBVwcVfq8Ukjf9
        GET   22 State  

      process_transaction tx_hash=8GExB7nr4wRqCYMhU6y5PK74q2sWjqSZmRkZb3MVGFXV block=2zB2oBqRj8dFECSaBeGP6hGGDs7KowYBVwcVfq8Ukjf9
        GET   26 State  

      process_receipt receiver=app.nearcrowd.near receipt_id=5csXkacKhAAQ6F6eckGqZycLgD7cY5aKHimCxw1iNfqP block=2zB2oBqRj8dFECSaBeGP6hGGDs7KowYBVwcVfq8Ukjf9
        GET   33 State  

      process_receipt receiver=app.nearcrowd.near receipt_id=3DVei5MvayiThUdrtgXDDeWRSfCG7QD859f4rtADLDNk block=2zB2oBqRj8dFECSaBeGP6hGGDs7KowYBVwcVfq8Ukjf9
        GET   3 State  

      process_receipt receiver=app.nearcrowd.near receipt_id=2CZ3nibSbAFYF2rZYJdxdBc2NwLEVQyrxbfmkjsL1X14 block=2zB2oBqRj8dFECSaBeGP6hGGDs7KowYBVwcVfq8Ukjf9
        GET   70 State  

      process_receipt receiver=app.nearcrowd.near receipt_id=GTWiUssUkNTmHnUCHgQo91G1ML5i6y1tAWznVsoKog1z block=2zB2oBqRj8dFECSaBeGP6hGGDs7KowYBVwcVfq8Ukjf9
        GET   26 State  

      process_receipt receiver=27b8a4173e15829829159b39c620e9a5da908a3f68d94a70cd489188d478f37f receipt_id=GFRjGJ7J92VBZAkdSpUwN7z4v1mCmtWgrf2SU7f4MGCN block=2zB2oBqRj8dFECSaBeGP6hGGDs7KowYBVwcVfq8Ukjf9
        GET   14 State  

      process_receipt receiver=14ca6570b456a5f904641d1005b9499aee5cfa60216bb3b73871d2256ad1cc2a receipt_id=CuNBQKsiVcZH9Nc9QcWY65oE1w4ifYtiPC5SNKDfA7fL block=2zB2oBqRj8dFECSaBeGP6hGGDs7KowYBVwcVfq8Ukjf9
        GET   24 State  

      process_receipt receiver=2cd58e2eab52381a893c42b8dc47d66633b58c16303c4398f44dbd149b6e1411 receipt_id=D3ww9qmfxoyDuJjsyGtsoCZ1MSPwhCDLtny75AsJcTMi block=2zB2oBqRj8dFECSaBeGP6hGGDs7KowYBVwcVfq8Ukjf9
        GET   24 State  

      process_receipt receiver=91505032331ede720873cf84a36609dd8755a09f816735a60ffa3ee40b4a4a67 receipt_id=G2AYqug5LN3FS2SN9GPEQERkVpK9dY6g5hQgcnSArswd block=2zB2oBqRj8dFECSaBeGP6hGGDs7KowYBVwcVfq8Ukjf9
        GET   26 State  

      process_receipt receiver=6b0021d947b74d8ab24d379f80803c5224767d3777c3d92899806dc5cecc2f77 receipt_id=88WWQXk4nrVqe2si34jS9fhouD73uaGHU5f994c46B9G block=2zB2oBqRj8dFECSaBeGP6hGGDs7KowYBVwcVfq8Ukjf9
        GET   20 State  


