---
source: runtime/runtime-params-estimator/src/replay.rs
expression: output
---
     268 free gets with total size of      187304
       0 charged gets with total size of        0
 100.00% of gets uncharged
 100.00% of gets total size uncharged

