---
source: runtime/runtime-params-estimator/estimator-warehouse/src/check.rs
expression: report.to_string()
---
## Report 
*Status: Warn*
*Current commit:         0000b*
*Compared to:         0004a*
### Relative gas estimation changes above threshold: 1
```
LogBase                                         5.00 Ggas âžœ        6.00 Ggas (+20.00%)
```
### Gas estimator uncertain estimations: 0

