---
source: integration-tests/src/tests/runtime/sanity_checks.rs
expression: receipts_status

---
- SuccessValue: ""
- SuccessValue: ""

